Hint: used config file 'D:\Users\pedro.cardoso\stupidspeed\tools\nim\nim-2.2.12\config\nim.cfg' [Conf]
Hint: used config file 'D:\Users\pedro.cardoso\stupidspeed\tools\nim\nim-2.2.12\config\config.nims' [Conf]
...........................................................................................
CC: system/exceptions.nim
CC: std/sysatomics.nim
CC: std/private/digitsutils.nim
CC: std/assertions.nim
CC: system/dollars.nim
CC: std/exitprocs.nim
CC: std/syncio.nim
CC: system.nim
CC: strutils.nim
CC: dynlib.nim
CC: winlean.nim
CC: times.nim
CC: std/monotimes.nim
CC: t13_matrix_mul.nim
Hint:  [Link]
Hint: mm: orc; opt: speed; options: -d:release
47459 lines; 1.839s; 73.094MiB peakmem; proj: D:\Users\pedro.cardoso\stupidspeed\exec\nim\nim-tcc\13_matrix_mul\t13_matrix_mul.nim; out: D:\Users\pedro.cardoso\stupidspeed\exec\nim\nim-tcc\13_matrix_mul\prog.exe [SuccessX]
