Hint: used config file 'D:\Users\pedro.cardoso\stupidspeed\tools\nim\nim-2.2.12\config\nim.cfg' [Conf]
Hint: used config file 'D:\Users\pedro.cardoso\stupidspeed\tools\nim\nim-2.2.12\config\config.nims' [Conf]
...........................................................................................
CC: system/exceptions.nim
CC: std/sysatomics.nim
CC: std/private/digitsutils.nim
CC: system/dollars.nim
CC: std/widestrs.nim
CC: std/exitprocs.nim
CC: std/syncio.nim
CC: system.nim
CC: strutils.nim
CC: dynlib.nim
CC: winlean.nim
CC: times.nim
CC: std/monotimes.nim
CC: t15_file_write.nim
Hint:  [Link]
Hint: mm: orc; opt: speed; options: -d:release
47457 lines; 1.955s; 73.09MiB peakmem; proj: D:\Users\pedro.cardoso\stupidspeed\exec\nim\nim-tcc\15_file_write\t15_file_write.nim; out: D:\Users\pedro.cardoso\stupidspeed\exec\nim\nim-tcc\15_file_write\prog.exe [SuccessX]
