Hint: used config file 'D:\Users\pedro.cardoso\stupidspeed\tools\nim\nim-2.2.12\config\nim.cfg' [Conf]
Hint: used config file 'D:\Users\pedro.cardoso\stupidspeed\tools\nim\nim-2.2.12\config\config.nims' [Conf]
...........................................................................................
CC: system/exceptions.nim
CC: std/sysatomics.nim
CC: std/private/digitsutils.nim
CC: std/assertions.nim
CC: system/dollars.nim
CC: std/exitprocs.nim
CC: std/syncio.nim
CC: system.nim
CC: strutils.nim
CC: dynlib.nim
CC: winlean.nim
CC: times.nim
CC: std/monotimes.nim
CC: t06_char_count.nim
Hint:  [Link]
Hint: mm: orc; opt: speed; options: -d:release
47451 lines; 2.330s; 73.125MiB peakmem; proj: D:\Users\pedro.cardoso\stupidspeed\exec\nim\nim-tcc\06_char_count\t06_char_count.nim; out: D:\Users\pedro.cardoso\stupidspeed\exec\nim\nim-tcc\06_char_count\prog.exe [SuccessX]
