[90mCompiling project (Scala 3.9.0, Scala Native 0.5.12)[0m
[90mCompiled project (Scala 3.9.0, Scala Native 0.5.12)[0m
[info] Linking (multithreadingEnabled=detect) (4978 ms)
[info] Discovered 898 classes and 5482 methods after classloading
[info] Checking intermediate code (quick) (340 ms)
[info] Multithreading was not explicitly enabled - initial class loading has not detected any usage of system threads. Multithreading support will be disabled to improve performance.
[info] Linking (multithreadingEnabled=false) (4721 ms)
[info] Discovered 726 classes and 4142 methods after classloading
[info] Checking intermediate code (quick) (111 ms)
[info] Discovered 598 classes and 2087 methods after optimization
[info] Optimizing (release-fast mode) (6551 ms)
[info] Produced 8 LLVM IR files
[info] Generating intermediate code (5215 ms)
[info] Compiling to native code (49291 ms)
[info] Linking with [dbghelp, kernel32, userenv, advapi32]
[info] Linking native code (immix gc, none lto) (2423 ms)
[info] Postprocessing (0 ms)
[info] Total (74634 ms)
Wrote C:\stupidspeed\exec\scala-native\scala-native\03_func_sum\prog.exe, run it with
  .\prog.exe
