haxelib run hxcpp Build.xml haxe -DMINGW_ROOT="D:\\Users\\pedro.cardoso\\stupidspeed\\tools\\llvm-mingw" -Dhaxe="4.3.7" -Dhaxe3="1" -Dhaxe4="1" -Dhaxe_ver="4.307" -Dhxcpp_api_level="430" -Dhxcpp_smart_strings="1" -Dmingw="1" -Dno_shared_libs="1" -Dsource_header="Generated by Haxe 4.3.7" -Dstatic="1" -Dtarget.atomics="1" -Dtarget.name="cpp" -Dtarget.static="1" -Dtarget.sys="1" -Dtarget.threaded="1" -Dtarget.unicode="1" -Dtarget.utf16="1" -Dutf16="1" -I./ -I -ID:\\Users\\pedro.cardoso\\stupidspeed\\tools\\haxe\\extraLibs/ -ID:\\Users\\pedro.cardoso\\stupidspeed\\tools\\haxe\\std/cpp/_std/ -ID:\\Users\\pedro.cardoso\\stupidspeed\\tools\\haxe\\std/

Compiling group: haxe
g++.exe -Iinclude -c -Wno-overflow -O2 -DHXCPP_M64 -DHXCPP_VISIT_ALLOCS(haxe) -DHX_SMART_STRINGS(haxe) -DHXCPP_API_LEVEL=430(haxe) -DHX_WINDOWS -m64 -ID:/Users/pedro.cardoso/stupidspeed/tools/hxcpp/include ... tags=[haxe,static]
 - src/sys/thread/_EventLoop/RegularEvent.cpp 
 - src/Sys.cpp 
 - src/haxe/NativeStackTrace.cpp 
 - D:/Users/pedro.cardoso/stupidspeed/tools/hxcpp/src/hx/NoFiles.cpp 
 - src/sys/thread/EventLoop.cpp 
 - src/haxe/MainEvent.cpp 
 - src/haxe/io/Bytes.cpp 
 - src/__resources__.cpp 
 - src/haxe/Exception.cpp 
 - src/haxe/io/Output.cpp 
 - src/__boot__.cpp 
 - src/haxe/exceptions/PosException.cpp 
 - src/sys/thread/Mutex.cpp 
 - src/Out.cpp 
 - src/sys/thread/Lock.cpp 
 - src/cpp/_Int64/Int64_Impl_.cpp 
 - src/haxe/io/Encoding.cpp 
 - src/Std.cpp 
 - src/haxe/MainLoop.cpp 
 - src/sys/io/FileOutput.cpp 
./src/haxe/MainLoop.cpp:104:29: warning: equality comparison with extraneous parentheses [-Wparentheses-equality]
  104 | HXLINE( 133)                                    if ((psize == 0)) {
      |                                                      ~~~~~~^~~~
./src/haxe/MainLoop.cpp:104:29: note: remove extraneous parentheses around the comparison to silence this warning
  104 | HXLINE( 133)                                    if ((psize == 0)) {
      |                                                     ~      ^   ~
./src/haxe/MainLoop.cpp:104:29: note: use '=' to turn this equality comparison into an assignment
  104 | HXLINE( 133)                                    if ((psize == 0)) {
      |                                                            ^~
      |                                                            =
./src/haxe/MainLoop.cpp:120:38: warning: equality comparison with extraneous parentheses [-Wparentheses-equality]
  120 | HXLINE( 139)                                                            if ((p->priority == q->priority)) {
      |                                                                              ~~~~~~~~~~~~^~~~~~~~~~~~~~
./src/haxe/MainLoop.cpp:120:38: note: remove extraneous parentheses around the comparison to silence this warning
  120 | HXLINE( 139)                                                            if ((p->priority == q->priority)) {
      |                                                                             ~            ^             ~
./src/haxe/MainLoop.cpp:120:38: note: use '=' to turn this equality comparison into an assignment
  120 | HXLINE( 139)                                                            if ((p->priority == q->priority)) {
      |                                                                                          ^~
      |                                                                                          =
2 warnings generated.
./src/sys/thread/EventLoop.cpp:154:36: warning: equality comparison with extraneous parentheses [-Wparentheses-equality]
  154 |                                         if (  (_hx_switch_0==( (Float)(-2) )) ){
      |                                                ~~~~~~~~~~~~^~~~~~~~~~~~~~~~~
./src/sys/thread/EventLoop.cpp:154:36: note: remove extraneous parentheses around the comparison to silence this warning
  154 |                                         if (  (_hx_switch_0==( (Float)(-2) )) ){
      |                                               ~            ^                ~
./src/sys/thread/EventLoop.cpp:154:36: note: use '=' to turn this equality comparison into an assignment
  154 |                                         if (  (_hx_switch_0==( (Float)(-2) )) ){
      |                                                            ^~
      |                                                            =
./src/sys/thread/EventLoop.cpp:157:36: warning: equality comparison with extraneous parentheses [-Wparentheses-equality]
  157 |                                         if (  (_hx_switch_0==( (Float)(-1) )) ){
      |                                                ~~~~~~~~~~~~^~~~~~~~~~~~~~~~~
./src/sys/thread/EventLoop.cpp:157:36: note: remove extraneous parentheses around the comparison to silence this warning
  157 |                                         if (  (_hx_switch_0==( (Float)(-1) )) ){
      |                                               ~            ^                ~
./src/sys/thread/EventLoop.cpp:157:36: note: use '=' to turn this equality comparison into an assignment
  157 |                                         if (  (_hx_switch_0==( (Float)(-1) )) ){
      |                                                            ^~
      |                                                            =
2 warnings generated.
 - src/haxe/exceptions/NotImplementedException.cpp 
 - src/haxe/EntryPoint.cpp 
 - src/haxe/io/Error.cpp 
 - src/sys/thread/_Thread/Thread_Impl_.cpp 
 - src/sys/thread/_Thread/HaxeThread.cpp 
 - src/haxe/iterators/ArrayIterator.cpp 
 - src/T15_file_write.cpp 
 - src/sys/io/File.cpp 

Compiling group: __main__
g++.exe -Iinclude -DHX_DECLARE_MAIN -c -Wno-overflow -O2 -DHXCPP_M64 -DHXCPP_VISIT_ALLOCS(haxe) -DHX_SMART_STRINGS(haxe) -DHXCPP_API_LEVEL=430(haxe) -DHX_WINDOWS -m64 -ID:/Users/pedro.cardoso/stupidspeed/tools/hxcpp/include ... tags=[haxe,main,static]
 - src/__main__.cpp 

Compiling group: runtime
g++.exe -DHX_UNDEFINE_H -c -Wno-overflow -O2 -DHXCPP_M64 -DHXCPP_VISIT_ALLOCS(haxe) -DHX_SMART_STRINGS(haxe) -DHXCPP_API_LEVEL=430(haxe) -DHX_WINDOWS -m64 -ID:/Users/pedro.cardoso/stupidspeed/tools/hxcpp/include ... tags=[haxe]
 - src/hx/gc/Immix.cpp  [haxe,gc]
 - src/hx/Anon.cpp 
 - src/hx/gc/GcRegCapture.cpp  [haxe,gc]
 - src/hx/thread/ThreadImpl.noop.cpp 
 - src/hx/thread/RecursiveMutex.cpp 
 - src/hx/Hash.cpp 
 - src/hx/CFFI.cpp  [haxe,static,cffi]
 - src/hx/Class.cpp 
 - src/hx/Boot.cpp 
 - src/Array.cpp 
 - src/Math.cpp 
 - src/hx/Date.cpp 
 - src/hx/Thread.cpp 
 - src/hx/Lib.cpp  [haxe,static]
 - src/hx/StdLibs.cpp  [haxe,static]
 - src/hx/thread/ThreadLocal.cpp 
 - src/Dynamic.cpp 
 - src/hx/thread/ConditionVariable.cpp 
 - src/Enum.cpp 
 - src/hx/Object.cpp 
D:/Users/pedro.cardoso/stupidspeed/tools/hxcpp/src/hx/CFFI.cpp:1010:8: warning: 'alloc_hxs_wchar' has C-linkage specified, but returns user-defined type 'String' which is incompatible with C [-Wreturn-type-c-linkage]
 1010 | String alloc_hxs_wchar(const wchar_t *ptr,int size)
      |        ^
D:/Users/pedro.cardoso/stupidspeed/tools/hxcpp/src/hx/CFFI.cpp:1015:8: warning: 'alloc_hxs_utf16' has C-linkage specified, but returns user-defined type 'String' which is incompatible with C [-Wreturn-type-c-linkage]
 1015 | String alloc_hxs_utf16(const char16_t *ptr,int size)
      |        ^
D:/Users/pedro.cardoso/stupidspeed/tools/hxcpp/src/hx/CFFI.cpp:1020:8: warning: 'alloc_hxs_utf8' has C-linkage specified, but returns user-defined type 'String' which is incompatible with C [-Wreturn-type-c-linkage]
 1020 | String alloc_hxs_utf8(const char *ptr,int size)
      |        ^
3 warnings generated.
 - src/hx/thread/ThreadImpl.cpp 
 - src/hx/thread/Scratch.cpp 
 - src/cpp/encoding/Encodings.cpp 
 - src/hx/thread/CountingSemaphore.win32.cpp 
 - src/hx/gc/GcCommon.cpp  [haxe,gc]
 - src/String.cpp  [haxe,hxstring]
 - src/hx/Debug.cpp 
Link: T15_file_write.exe
ld.lld: error: undefined symbol: std::__throw_length_error(char const*)
>>> referenced by obj/mingw64/d9af3c0f_File.o:(_hx_std_file_contents_string(String))
>>> referenced by obj/mingw64/d9af3c0f_Process.o:(_hx_std_process_run(String, Array<String>, int) (.cold))
>>> referenced by obj/mingw64/d9af3c0f_Process.o:(_hx_std_process_run(String, Array<String>, int) (.cold))
>>> referenced 4 more times
clang-23: error: linker command failed with exit code 1 (use -v to see invocation)
Error: Build failed
