haxelib run hxcpp Build.xml haxe -DMINGW_ROOT="C:\\mingw64" -Dhaxe="4.3.7" -Dhaxe3="1" -Dhaxe4="1" -Dhaxe_ver="4.307" -Dhxcpp_api_level="430" -Dhxcpp_smart_strings="1" -Dmingw="1" -Dno_shared_libs="1" -Dsource_header="Generated by Haxe 4.3.7" -Dstatic="1" -Dtarget.atomics="1" -Dtarget.name="cpp" -Dtarget.static="1" -Dtarget.sys="1" -Dtarget.threaded="1" -Dtarget.unicode="1" -Dtarget.utf16="1" -Dutf16="1" -I./ -I -IC:\\stupidspeed\\tools\\haxe\\extraLibs/ -IC:\\stupidspeed\\tools\\haxe\\std/cpp/_std/ -IC:\\stupidspeed\\tools\\haxe\\std/

Compiling group: haxe
g++.exe -Iinclude -c -Wno-overflow -O2 -DHXCPP_M64 -DHXCPP_VISIT_ALLOCS(haxe) -DHX_SMART_STRINGS(haxe) -DHXCPP_API_LEVEL=430(haxe) -DHX_WINDOWS -m64 -IC:/stupidspeed/tools/hxcpp/hxcpp-4.3.171/include ... tags=[haxe,static]
 - src/haxe/NativeStackTrace.cpp 
 - src/Sys.cpp 
 - src/haxe/io/Encoding.cpp 
 - src/haxe/io/Bytes.cpp 
 - src/haxe/io/Output.cpp 
 - C:/stupidspeed/tools/hxcpp/hxcpp-4.3.171/src/hx/NoFiles.cpp 
 - src/sys/thread/EventLoop.cpp 
 - src/sys/thread/_EventLoop/RegularEvent.cpp 
 - src/haxe/MainLoop.cpp 
 - src/haxe/MainEvent.cpp 
 - src/haxe/Exception.cpp 
 - src/sys/thread/Mutex.cpp 
 - src/T07_string_append.cpp 
 - src/haxe/exceptions/PosException.cpp 
 - src/__resources__.cpp 
 - src/__boot__.cpp 
 - src/Std.cpp 
 - src/sys/thread/Lock.cpp 
 - src/sys/io/FileOutput.cpp 
 - src/haxe/exceptions/NotImplementedException.cpp 
 - src/sys/thread/_Thread/Thread_Impl_.cpp 
 - src/haxe/EntryPoint.cpp 
 - src/sys/thread/_Thread/HaxeThread.cpp 
 - src/haxe/iterators/ArrayIterator.cpp 
 - src/haxe/io/Error.cpp 

Compiling group: __main__
g++.exe -Iinclude -DHX_DECLARE_MAIN -c -Wno-overflow -O2 -DHXCPP_M64 -DHXCPP_VISIT_ALLOCS(haxe) -DHX_SMART_STRINGS(haxe) -DHXCPP_API_LEVEL=430(haxe) -DHX_WINDOWS -m64 -IC:/stupidspeed/tools/hxcpp/hxcpp-4.3.171/include ... tags=[haxe,main,static]
 - src/__main__.cpp 

Compiling group: runtime
g++.exe -DHX_UNDEFINE_H -c -Wno-overflow -O2 -DHXCPP_M64 -DHXCPP_VISIT_ALLOCS(haxe) -DHX_SMART_STRINGS(haxe) -DHXCPP_API_LEVEL=430(haxe) -DHX_WINDOWS -m64 -IC:/stupidspeed/tools/hxcpp/hxcpp-4.3.171/include ... tags=[haxe]
 - src/hx/Date.cpp 
 - src/hx/Boot.cpp 
 - src/hx/thread/ConditionVariable.cpp 
 - src/hx/Object.cpp 
 - src/Enum.cpp 
 - src/hx/Anon.cpp 
 - src/Array.cpp 
 - src/hx/thread/RecursiveMutex.cpp 
 - src/hx/thread/ThreadLocal.cpp 
 - src/hx/thread/ThreadImpl.noop.cpp 
 - src/hx/CFFI.cpp  [haxe,static,cffi]
 - src/hx/Class.cpp 
 - src/Dynamic.cpp 
 - src/hx/gc/GcRegCapture.cpp  [haxe,gc]
 - src/Math.cpp 
 - src/hx/Hash.cpp 
 - src/hx/Thread.cpp 
 - src/hx/gc/Immix.cpp  [haxe,gc]
 - src/hx/Lib.cpp  [haxe,static]
 - src/hx/StdLibs.cpp  [haxe,static]
 - src/hx/Debug.cpp 
 - src/hx/thread/ThreadImpl.cpp 
 - src/hx/thread/Scratch.cpp 
 - src/hx/thread/CountingSemaphore.win32.cpp 
 - src/hx/gc/GcCommon.cpp  [haxe,gc]
 - src/String.cpp  [haxe,hxstring]
 - src/cpp/encoding/Encodings.cpp 

Compiling group: hxcpp_std
g++.exe -c -Wno-overflow -O2 -DHXCPP_M64 -DHXCPP_VISIT_ALLOCS(haxe) -DHX_SMART_STRINGS(haxe) -DHXCPP_API_LEVEL=430(haxe) -DHX_WINDOWS -m64 -IC:/stupidspeed/tools/hxcpp/hxcpp-4.3.171/include ... tags=[haxe,static]
 - File.cpp 
 - Sys.cpp 
 - Random.cpp 
 - Process.cpp 
 - Socket.cpp 
Link: T07_string_append.exe
