Hint: used config file 'D:\Users\pedro.cardoso\stupidspeed\tools\nim\nim-2.2.12\config\nim.cfg' [Conf]
Hint: used config file 'D:\Users\pedro.cardoso\stupidspeed\tools\nim\nim-2.2.12\config\config.nims' [Conf]
.................................................................................................
CC: system/exceptions.nim
CC: std/private/digitsutils.nim
CC: std/private/dragonbox.nim
CC: std/formatfloat.nim
CC: system/dollars.nim
CC: std/exitprocs.nim
CC: std/syncio.nim
CC: system.nim
CC: strutils.nim
CC: dynlib.nim
CC: winlean.nim
CC: times.nim
CC: std/monotimes.nim
CC: t08_average.nim
Hint:  [Link]
Hint: mm: orc; threads: on; opt: speed; options: -d:release
48700 lines; 5.434s; 73.117MiB peakmem; proj: D:\Users\pedro.cardoso\stupidspeed\exec\nim\08_average\t08_average.nim; out: D:\Users\pedro.cardoso\stupidspeed\exec\nim\08_average\prog.exe [SuccessX]
