========================================================================================================================
GraalVM Native Image: Generating '_15_file_write.exe' (executable)...
========================================================================================================================
For detailed information and explanations on the build output, visit:
https://github.com/oracle/graal/blob/master/docs/reference-manual/native-image/BuildOutput.md
------------------------------------------------------------------------------------------------------------------------
[1/8] Initializing...                                                                                    (8,9s @ 0,14GB)
 Java version: 25.0.4+7-LTS, vendor version: Oracle GraalVM 25.0.4+7.1
 Graal compiler: optimization level: 2, target machine: x86-64-v3, PGO: ML-inferred
 C compiler: cl.exe (microsoft, x64, 19.44.35229)
 Garbage collector: Serial GC (max heap size: 80% of RAM)
 1 user-specific feature(s):
 - com.oracle.svm.thirdparty.gson.GsonFeature
------------------------------------------------------------------------------------------------------------------------
Build resources:
 - 6,27GB of memory (75,6% of system memory, $CI set to 'true')
 - 20 thread(s) (100,0% of 20 available processor(s), determined at start)
[2/8] Performing analysis...  [*****]                                                                    (4,2s @ 0,27GB)
    2.078 types,   1.921 fields, and   8.930 methods found reachable
      752 types,      35 fields, and     286 methods registered for reflection
       53 types,      30 fields, and      48 methods registered for JNI access
        0 downcalls and 0 upcalls registered for foreign access
        1 native library: version
[3/8] Building universe...                                                                               (0,9s @ 0,32GB)
[4/8] Parsing methods...      [*]                                                                        (1,1s @ 0,32GB)
[5/8] Inlining methods...     [***]                                                                      (0,3s @ 0,36GB)
[6/8] Compiling methods...    [***]                                                                      (9,1s @ 0,57GB)
[7/8] Laying out methods...   [*]                                                                        (1,3s @ 0,61GB)
[8/8] Creating image...       [*]                                                                        (1,3s @ 0,63GB)
   2,80MB (43,59%) for code area:     4.033 compilation units
   3,41MB (52,99%) for image heap:   60.076 objects and 52 resources
 219,42kB ( 3,41%) for other data
   6,43MB in total image size, 6,43MB in total file size
------------------------------------------------------------------------------------------------------------------------
Top 10 origins of code area:                                Top 10 object types in image heap:
   1,28MB java.base                                          704,41kB byte[] for code metadata
   1,23MB svm.jar (Native Image)                             642,86kB byte[] for java.lang.String
  40,21kB com.oracle.svm.svm_enterprise                      329,59kB java.lang.String
  39,98kB org.graalvm.nativeimage.configure                  226,14kB java.lang.Class
  39,00kB jdk.graal.compiler                                 199,49kB com.oracle.svm.core.hub.DynamicHubCompanion
  31,03kB org.graalvm.nativeimage.base                       173,79kB java.util.HashMap$Node
  21,40kB jdk.internal.vm.ci                                 118,30kB char[]
  20,45kB org.graalvm.collections                            110,24kB jdk.internal.util.SoftReferenceKey
  20,42kB jdk.proxy2                                          99,36kB java.lang.Object[]
  17,00kB jdk.proxy1                                          90,75kB java.util.concurrent.ConcurrentHashMap$Node
   6,99kB for 6 more packages                                712,94kB for 574 more object types
                            Use '--emit build-report' to create a report with more details.
------------------------------------------------------------------------------------------------------------------------
Security report:
 - Binary includes Java deserialization.
 - CycloneDX SBOM with 5 component(s) is embedded in binary (416B). 1 type(s) could not be associated to a component.
 - Advanced obfuscation not enabled; enable with '-H:AdvancedObfuscation=""' (experimental support).
------------------------------------------------------------------------------------------------------------------------
Recommendations:
 PGO:  Use Profile-Guided Optimizations ('--pgo') for improved throughput.
 FUTR: Use '--future-defaults=all' to prepare for future releases.
 HEAP: Set max heap for improved and more predictable memory usage.
 CPU:  Enable more CPU features with '-march=native' for improved performance.
 QBM:  Use the quick build mode ('-Ob') to speed up builds during development.
------------------------------------------------------------------------------------------------------------------------
                        2,0s (6,7% of total time) in 384 GCs | Peak RSS: 1,28GB | CPU load: 8,71
------------------------------------------------------------------------------------------------------------------------
Build artifacts:
 D:\Users\pedro.cardoso\stupidspeed\exec\java-graalvm-native\15_file_write\_15_file_write.exe (executable)
========================================================================================================================
Finished generating '_15_file_write' in 28,2s.
