[90mCompiling project (Scala 3.9.0, Scala Native 0.5.12)[0m
[90mCompiled project (Scala 3.9.0, Scala Native 0.5.12)[0m
[info] Linking (multithreadingEnabled=detect) (4407 ms)
[info] Discovered 898 classes and 5481 methods after classloading
[info] Checking intermediate code (quick) (339 ms)
[info] Multithreading was not explicitly enabled - initial class loading has not detected any usage of system threads. Multithreading support will be disabled to improve performance.
[info] Linking (multithreadingEnabled=false) (3619 ms)
[info] Discovered 726 classes and 4141 methods after classloading
[info] Checking intermediate code (quick) (99 ms)
[info] Discovered 598 classes and 2086 methods after optimization
[info] Optimizing (release-fast mode) (9903 ms)
[info] Produced 8 LLVM IR files
[info] Generating intermediate code (3955 ms)
[info] Compiling to native code (54520 ms)
[info] Linking with [dbghelp, kernel32, userenv, advapi32]
[info] Linking native code (immix gc, none lto) (4955 ms)
[info] Postprocessing (0 ms)
[info] Total (83150 ms)
Wrote C:\stupidspeed\exec\scala-native\scala-native\05_alloc_churn\prog.exe, run it with
  .\prog.exe
