========================================================================================================================
GraalVM Native Image: Generating '_01_branches.exe' (executable)...
========================================================================================================================
For detailed information and explanations on the build output, visit:
https://github.com/oracle/graal/blob/master/docs/reference-manual/native-image/BuildOutput.md
------------------------------------------------------------------------------------------------------------------------
[1/8] Initializing...                                                                                    (7,7s @ 0,10GB)
 Java version: 25.0.4+7-LTS, vendor version: Oracle GraalVM 25.0.4+7.1
 Graal compiler: optimization level: 2, target machine: x86-64-v3, PGO: ML-inferred
 C compiler: cl.exe (microsoft, x64, 19.44.35229)
 Garbage collector: Serial GC (max heap size: 80% of RAM)
 1 user-specific feature(s):
 - com.oracle.svm.thirdparty.gson.GsonFeature
------------------------------------------------------------------------------------------------------------------------
Build resources:
 - 6,27GB of memory (75,6% of system memory, $CI set to 'true')
 - 20 thread(s) (100,0% of 20 available processor(s), determined at start)
[2/8] Performing analysis...  [*****]                                                                    (4,1s @ 0,30GB)
    2.061 types,   1.894 fields, and   8.861 methods found reachable
      742 types,      35 fields, and     284 methods registered for reflection
       53 types,      30 fields, and      48 methods registered for JNI access
        0 downcalls and 0 upcalls registered for foreign access
        1 native library: version
[3/8] Building universe...                                                                               (0,9s @ 0,30GB)
[4/8] Parsing methods...      [*]                                                                        (1,0s @ 0,32GB)
[5/8] Inlining methods...     [***]                                                                      (0,3s @ 0,35GB)
[6/8] Compiling methods...    [***]                                                                      (7,9s @ 0,55GB)
[7/8] Laying out methods...   [*]                                                                        (1,2s @ 0,57GB)
[8/8] Creating image...       [*]                                                                        (1,0s @ 0,62GB)
   2,77MB (43,30%) for code area:     4.001 compilation units
   3,41MB (53,30%) for image heap:   59.873 objects and 52 resources
 217,66kB ( 3,40%) for other data
   6,39MB in total image size, 6,39MB in total file size
------------------------------------------------------------------------------------------------------------------------
Top 10 origins of code area:                                Top 10 object types in image heap:
   1,25MB java.base                                          696,28kB byte[] for code metadata
   1,22MB svm.jar (Native Image)                             640,76kB byte[] for java.lang.String
  40,70kB com.oracle.svm.svm_enterprise                      328,32kB java.lang.String
  39,98kB org.graalvm.nativeimage.configure                  224,22kB java.lang.Class
  39,00kB jdk.graal.compiler                                 197,86kB com.oracle.svm.core.hub.DynamicHubCompanion
  31,03kB org.graalvm.nativeimage.base                       173,95kB java.util.HashMap$Node
  21,40kB jdk.internal.vm.ci                                 118,30kB char[]
  20,45kB org.graalvm.collections                            110,24kB jdk.internal.util.SoftReferenceKey
  20,42kB jdk.proxy2                                          99,36kB java.lang.Object[]
  17,00kB jdk.proxy1                                          90,75kB java.util.concurrent.ConcurrentHashMap$Node
   7,01kB for 6 more packages                                727,82kB for 568 more object types
                            Use '--emit build-report' to create a report with more details.
------------------------------------------------------------------------------------------------------------------------
Security report:
 - Binary includes Java deserialization.
 - CycloneDX SBOM with 5 component(s) is embedded in binary (416B). 1 type(s) could not be associated to a component.
 - Advanced obfuscation not enabled; enable with '-H:AdvancedObfuscation=""' (experimental support).
------------------------------------------------------------------------------------------------------------------------
Recommendations:
 PGO:  Use Profile-Guided Optimizations ('--pgo') for improved throughput.
 FUTR: Use '--future-defaults=all' to prepare for future releases.
 HEAP: Set max heap for improved and more predictable memory usage.
 CPU:  Enable more CPU features with '-march=native' for improved performance.
 QBM:  Use the quick build mode ('-Ob') to speed up builds during development.
------------------------------------------------------------------------------------------------------------------------
                        1,7s (6,6% of total time) in 363 GCs | Peak RSS: 1,36GB | CPU load: 9,44
------------------------------------------------------------------------------------------------------------------------
Build artifacts:
 D:\Users\pedro.cardoso\stupidspeed\exec\java-graalvm-native\01_branches\_01_branches.exe (executable)
========================================================================================================================
Finished generating '_01_branches' in 24,9s.
