Hint: used config file 'D:\Users\pedro.cardoso\stupidspeed\tools\nim\nim-2.2.12\config\nim.cfg' [Conf]
Hint: used config file 'D:\Users\pedro.cardoso\stupidspeed\tools\nim\nim-2.2.12\config\config.nims' [Conf]
...........................................................................................
CC: system/exceptions.nim
CC: std/sysatomics.nim
CC: std/private/digitsutils.nim
CC: std/private/dragonbox.nim
CC: std/formatfloat.nim
CC: system/dollars.nim
CC: std/exitprocs.nim
CC: std/syncio.nim
CC: system.nim
CC: strutils.nim
CC: dynlib.nim
CC: winlean.nim
CC: times.nim
CC: std/monotimes.nim
CC: t08_average.nim
Hint:  [Link]
Hint: mm: orc; opt: speed; options: -d:release
47447 lines; 2.042s; 73.098MiB peakmem; proj: D:\Users\pedro.cardoso\stupidspeed\exec\nim\nim-tcc\08_average\t08_average.nim; out: D:\Users\pedro.cardoso\stupidspeed\exec\nim\nim-tcc\08_average\prog.exe [SuccessX]
