Hint: used config file 'C:\stupidspeed\tools\nim\config\nim.cfg' [Conf]
Hint: used config file 'C:\stupidspeed\tools\nim\config\config.nims' [Conf]
.................................................................................................
CC: system/exceptions.nim
CC: std/private/digitsutils.nim
CC: std/private/dragonbox.nim
CC: std/formatfloat.nim
CC: system/dollars.nim
CC: std/exitprocs.nim
CC: std/syncio.nim
CC: system.nim
CC: strutils.nim
CC: dynlib.nim
CC: winlean.nim
CC: times.nim
CC: std/monotimes.nim
CC: t08_average.nim
Hint:  [Link]
Hint: mm: orc; threads: on; opt: speed; options: -d:release
48700 lines; 13.206s; 73.078MiB peakmem; proj: C:\stupidspeed\exec\nim\nim\08_average\t08_average.nim; out: C:\stupidspeed\exec\nim\nim\08_average\prog.exe [SuccessX]
