
ec: system execution failed.
Following is the set of recorded exceptions:

******************************** Thread exception *****************************
In thread           Root thread            0x0 (thread id)
*******************************************************************************
-------------------------------------------------------------------------------
Class / Object      Routine                Nature of exception           Effect
-------------------------------------------------------------------------------
ISE_EXCEPTION_MANAGER
                    raise @9               Compiler error:
<000002E29961B308>                         Developer exception.          Fail
-------------------------------------------------------------------------------
ISE_EXCEPTION_MANAGER
                    raise @9               
<000002E29961B308>                         Routine failure.              Fail
-------------------------------------------------------------------------------
DEVELOPER_EXCEPTION raise @1                                            
<000002E2996BDF18>  (From EXCEPTION)       Routine failure.              Fail
-------------------------------------------------------------------------------
ERROR_HANDLER       raise @3                                            
<000002E29A436B18>  (From EXCEPTIONS)      Routine failure.              Fail
-------------------------------------------------------------------------------
ERROR_HANDLER       raise_error @2                                      
<000002E29A436B18>                         Routine failure.              Fail
-------------------------------------------------------------------------------
SYSTEM_I            report_vtct_errors @27                              
<000002E29A5E88A8>                         Routine failure.              Fail
-------------------------------------------------------------------------------
SYSTEM_I            do_recompilation @35                                
<000002E29A5E88A8>                         Routine failure.              Fail
-------------------------------------------------------------------------------
SYSTEM_I            recompile @6                                        
<000002E29A5E88A8>                         Routine failure.              Rescue
-------------------------------------------------------------------------------
WORKBENCH_I         recompile @23                                       
<000002E29A4EEE68>                         Resumption attempt failed.    Rescue
-------------------------------------------------------------------------------
~~~~~~~~~~~~~~~~~~~~~~~~~~~~~~~ entering level 1 ~~~~~~~~~~~~~~~~~~~~~~~~~~~~~~
-------------------------------------------------------------------------------
CONSOLE             put_new_line @1        FILE: unable to write CHARACTER value.:
<000002E29A57DF68>                         Runtime I/O error.            Fail
-------------------------------------------------------------------------------
CONSOLE             put_new_line @1                                     
<000002E29A57DF68>                         Routine failure.              Fail
-------------------------------------------------------------------------------
TERM_WINDOW         put_new_line @1                                     
<000002E29A436B58>                         Routine failure.              Fail
-------------------------------------------------------------------------------
TERM_WINDOW         process_new_line @1                                 
<000002E29A436B58>  (From OUTPUT_WINDOW)   Routine failure.              Fail
-------------------------------------------------------------------------------
TERM_WINDOW         add_new_line @1                                     
<000002E29A436B58>  (From TEXT_FORMATTER)  Routine failure.              Fail
-------------------------------------------------------------------------------
DEFAULT_ERROR_DISPLAYER
                    trace_errors @10       
<000002E29A439E78>                         Routine failure.              Rescue
-------------------------------------------------------------------------------
DEFAULT_ERROR_DISPLAYER
                    trace @4               
<000002E29A439E78>                         Routine failure.              Fail
-------------------------------------------------------------------------------
ERROR_HANDLER       trace @2                                            
<000002E29A436B18>                         Routine failure.              Fail
-------------------------------------------------------------------------------
~~~~~~~~~~~~~~~~~~~~~~~~~~~~~~~ back to level 0 ~~~~~~~~~~~~~~~~~~~~~~~~~~~~~~~
-------------------------------------------------------------------------------
WORKBENCH_I         recompile @57                                       
<000002E29A4EEE68>                         Exception in rescue clause.   Fail
-------------------------------------------------------------------------------
E_PROJECT           melt @7                                             
<000002E29A4F1C18>                         Routine failure.              Rescue
-------------------------------------------------------------------------------
E_PROJECT           finalize @2                                         
<000002E29A4F1C18>                         Routine failure.              Fail
-------------------------------------------------------------------------------
EWB_FINALIZE        perform_compilation @3                              
<000002E29A5571E8>                         Routine failure.              Fail
-------------------------------------------------------------------------------
EWB_FINALIZE        compile @3                                          
<000002E29A5571E8>  (From EWB_COMP)        Routine failure.              Fail
-------------------------------------------------------------------------------
EWB_FINALIZE        execute @5                                          
<000002E29A5571E8>                         Routine failure.              Fail
-------------------------------------------------------------------------------
ES_BATCH            execute @45                                         
<000002E29A5849C8>  (From ES)              Routine failure.              Rescue
-------------------------------------------------------------------------------
~~~~~~~~~~~~~~~~~~~~~~~~~~~~~~~ entering level 1 ~~~~~~~~~~~~~~~~~~~~~~~~~~~~~~
-------------------------------------------------------------------------------
CONSOLE             put_string @4          FILE: unable to write STRING object.:
<000002E29A57DF68>                         Runtime I/O error.            Fail
-------------------------------------------------------------------------------
CONSOLE             put_string @4                                       
<000002E29A57DF68>                         Routine failure.              Fail
-------------------------------------------------------------------------------
CONSOLE             put_string_general @17                              
<000002E29A57DF68>  (From PLAIN_TEXT_FILE) Routine failure.              Fail
-------------------------------------------------------------------------------
CONSOLE             put_string_32 @1                                    
<000002E29A57DF68>  (From PLAIN_TEXT_FILE) Routine failure.              Fail
-------------------------------------------------------------------------------
ES_BATCH            localized_print_error @4
<000002E29A5849C8>  (From LOCALIZED_PRINTER)
                                           Routine failure.              Fail
-------------------------------------------------------------------------------
~~~~~~~~~~~~~~~~~~~~~~~~~~~~~~~ back to level 0 ~~~~~~~~~~~~~~~~~~~~~~~~~~~~~~~
-------------------------------------------------------------------------------
ES_BATCH            execute @69                                         
<000002E29A5849C8>  (From ES)              Exception in rescue clause.   Fail
-------------------------------------------------------------------------------
ES_BATCH            make @13                                            
<000002E29A5849C8>  (From ES)              Routine failure.              Fail
-------------------------------------------------------------------------------
EB_KERNEL           make @5                                             
<000002E29A421088>                         Routine failure.              Fail
-------------------------------------------------------------------------------
EB_KERNEL           root's creation                                     
<000002E29A421088>                         Routine failure.              Exit
-------------------------------------------------------------------------------
