Modula-2, AMD64. Build ADW 1.6.879
Copyright (c) 2009 by ADW Software

Tokenizing
Reading (.SYM) files
Parsing imported (.SYM) files
Procedure    MAKEINTATOM
Procedure    GlobalDiscard
Procedure    LocalDiscard
Procedure    MAKELANGID
Procedure    PRIMARYLANGID
Procedure    SUBLANGID
Procedure    MAKELCID
Procedure    LANGIDFROMLCID
Procedure    SORTIDFROMLCID
Procedure    ProcThreadAttributeValue
Procedure    PROC_THREAD_ATTRIBUTE_PARENT_PROCESS
Procedure    PROC_THREAD_ATTRIBUTE_HANDLE_LIST
Procedure    PROC_THREAD_ATTRIBUTE_GROUP_AFFINITY
Procedure    PROC_THREAD_ATTRIBUTE_PREFERRED_NODE
Procedure    PROC_THREAD_ATTRIBUTE_IDEAL_PROCESSOR
Procedure    PROC_THREAD_ATTRIBUTE_UMS_THREAD
Procedure    PROC_THREAD_ATTRIBUTE_MITIGATION_POLICY
Procedure    PROC_THREAD_ATTRIBUTE_SECURITY_CAPABILITIES
Procedure    PROC_THREAD_ATTRIBUTE_PROTECTION_LEVEL
Procedure    WT_SET_MAX_THREADPOOL_THREADS
Procedure    TpInitializeCallbackEnviron
Procedure    TpSetCallbackThreadpool
Procedure    TpSetCallbackCleanupGroup
Procedure    TpSetCallbackActivationContext
Procedure    TpSetCallbackNotivationContext
Procedure    TpSetCallbackLongFunction
Procedure    TpSetCallbackRaceWithDll
Procedure    TpSetCallbackFinalizationCallback
Procedure    TpSetCallbackPriority
Procedure    TpSetCallbackPersistent
Procedure    TpDestroyCallbackEnviron
Procedure    InitializeThreadpoolEnvironment
Procedure    SetThreadpoolCallbackPool
Procedure    SetThreadpoolCallbackCleanupGroup
Procedure    SetThreadpoolCallbackRunsLong
Procedure    SetThreadpoolCallbackLibrary
Procedure    SetThreadpoolCallbackPriority
Procedure    SetThreadpoolCallbackPersistent
Procedure    DestroyThreadpoolEnvironment
Procedure    HasOverlappedIoCompleted
Procedure    GetRValue
Procedure    GetGValue
Procedure    GetBValue
Procedure    RGB
Procedure    PALETTEINDEX
Procedure    PALETTERGB
Procedure    GetKValue
Procedure    GetYValue
Procedure    GetMValue
Procedure    GetCValue
Procedure    CMYK
Procedure    MAKEROP4
Procedure    MAKEINTRESOURCEA
Procedure    MAKEINTRESOURCEW
Procedure    MAKEINTRESOURCE
Procedure    PostAppMessageA
Procedure    PostAppMessageW
Procedure    CreateWindowA
Procedure    CreateWindowW
Procedure    CreateDialogA
Procedure    CreateDialogW
Procedure    CreateDialogIndirectW
Procedure    CreateDialogIndirectA
Procedure    DialogBoxA
Procedure    DialogBoxW
Procedure    DialogBoxIndirectA
Procedure    DialogBoxIndirectW
Procedure    DefHookProc
Procedure    ExitWindows
Procedure    GetNextWindow
Procedure    GetSysModalWindow
Procedure    SetSysModalWindow
Procedure    GetWindowTask
Procedure    CopyCursor
Procedure    MAKELONG
Procedure    MAKELPARAM
Procedure    MAKEWPARAM
Procedure    MAKELRESULT
Procedure    MAKEWORD
Procedure    LOWORD
Procedure    HIWORD
Procedure    LOBYTE
Procedure    HIBYTE
Procedure    AnsiToOem
Procedure    OemToAnsi
Procedure    AnsiToOemBuff
Procedure    OemToAnsiBuff
Procedure    AnsiUpper
Procedure    AnsiUpperBuff
Procedure    AnsiLower
Procedure    AnsiLowerBuff
Procedure    AnsiNext
Procedure    AnsiPrev
 
Procedure    SsNow
Procedure    SsReport
Procedure    Worker
Main body
Outputting errors and warnings
   31      args    : ARRAY [0 .. nThreads - 1] OF Arg;
                     ^
Warning --  Array elements will not be naturally aligned
  100         END
              ^
Warning --  All possible CASE selectors are not handled
Compile memory: 3974
Compile time: 74
