Hint: used config file 'C:\stupidspeed\tools\nim\config\nim.cfg' [Conf]
Hint: used config file 'C:\stupidspeed\tools\nim\config\config.nims' [Conf]
.................................................................................................
CC: system/exceptions.nim
CC: std/private/threadtypes.nim
CC: std/private/digitsutils.nim
CC: system/dollars.nim
CC: std/typedthreads.nim
CC: std/exitprocs.nim
CC: std/syncio.nim
CC: system.nim
CC: strutils.nim
CC: dynlib.nim
CC: winlean.nim
CC: times.nim
CC: std/monotimes.nim
CC: t11_parallel_sum.nim
Hint:  [Link]
Hint: mm: orc; threads: on; opt: speed; options: -d:release
48730 lines; 10.798s; 73.07MiB peakmem; proj: C:\stupidspeed\exec\nim\nim\11_parallel_sum\t11_parallel_sum.nim; out: C:\stupidspeed\exec\nim\nim\11_parallel_sum\prog.exe [SuccessX]
