haxelib run hxcpp Build.xml haxe -DMINGW_ROOT="D:\\Users\\pedro.cardoso\\stupidspeed\\tools\\llvm-mingw" -Dhaxe="4.3.7" -Dhaxe3="1" -Dhaxe4="1" -Dhaxe_ver="4.307" -Dhxcpp_api_level="430" -Dhxcpp_smart_strings="1" -Dmingw="1" -Dno_shared_libs="1" -Dsource_header="Generated by Haxe 4.3.7" -Dstatic="1" -Dtarget.atomics="1" -Dtarget.name="cpp" -Dtarget.static="1" -Dtarget.sys="1" -Dtarget.threaded="1" -Dtarget.unicode="1" -Dtarget.utf16="1" -Dutf16="1" -I./ -I -ID:\\Users\\pedro.cardoso\\stupidspeed\\tools\\haxe\\extraLibs/ -ID:\\Users\\pedro.cardoso\\stupidspeed\\tools\\haxe\\std/cpp/_std/ -ID:\\Users\\pedro.cardoso\\stupidspeed\\tools\\haxe\\std/

Compiling group: haxe
g++.exe -Iinclude -c -Wno-overflow -O2 -DHXCPP_M64 -DHXCPP_VISIT_ALLOCS(haxe) -DHX_SMART_STRINGS(haxe) -DHXCPP_API_LEVEL=430(haxe) -DHX_WINDOWS -m64 -ID:/Users/pedro.cardoso/stupidspeed/tools/hxcpp/include ... tags=[haxe,static]
 - src/Sys.cpp 
 - src/sys/thread/_EventLoop/RegularEvent.cpp 
 - src/haxe/io/Output.cpp 
 - src/haxe/io/Bytes.cpp 
 - src/__boot__.cpp 
 - src/sys/io/FileOutput.cpp 
 - src/sys/thread/Lock.cpp 
 - src/sys/thread/EventLoop.cpp 
 - src/haxe/NativeStackTrace.cpp 
 - src/sys/thread/_Thread/Thread_Impl_.cpp 
 - src/haxe/exceptions/NotImplementedException.cpp 
 - src/haxe/Exception.cpp 
 - src/haxe/exceptions/PosException.cpp 
 - src/haxe/MainEvent.cpp 
 - src/sys/thread/Mutex.cpp 
 - src/cpp/_Int64/Int64_Impl_.cpp 
 - src/Std.cpp 
 - src/haxe/MainLoop.cpp 
 - src/Out.cpp 
 - src/haxe/EntryPoint.cpp 
 - src/haxe/iterators/ArrayIterator.cpp 
./src/haxe/MainLoop.cpp:104:29: warning: equality comparison with extraneous parentheses [-Wparentheses-equality]
  104 | HXLINE( 133)                                    if ((psize == 0)) {
      |                                                      ~~~~~~^~~~
./src/haxe/MainLoop.cpp:104:29: note: remove extraneous parentheses around the comparison to silence this warning
  104 | HXLINE( 133)                                    if ((psize == 0)) {
      |                                                     ~      ^   ~
./src/haxe/MainLoop.cpp:104:29: note: use '=' to turn this equality comparison into an assignment
  104 | HXLINE( 133)                                    if ((psize == 0)) {
      |                                                            ^~
      |                                                            =
./src/haxe/MainLoop.cpp:120:38: warning: equality comparison with extraneous parentheses [-Wparentheses-equality]
  120 | HXLINE( 139)                                                            if ((p->priority == q->priority)) {
      |                                                                              ~~~~~~~~~~~~^~~~~~~~~~~~~~
./src/haxe/MainLoop.cpp:120:38: note: remove extraneous parentheses around the comparison to silence this warning
  120 | HXLINE( 139)                                                            if ((p->priority == q->priority)) {
      |                                                                             ~            ^             ~
./src/haxe/MainLoop.cpp:120:38: note: use '=' to turn this equality comparison into an assignment
  120 | HXLINE( 139)                                                            if ((p->priority == q->priority)) {
      |                                                                                          ^~
      |                                                                                          =
2 warnings generated.
 - src/sys/thread/_Thread/HaxeThread.cpp 
./src/sys/thread/EventLoop.cpp:154:36: warning: equality comparison with extraneous parentheses [-Wparentheses-equality]
  154 |                                         if (  (_hx_switch_0==( (Float)(-2) )) ){
      |                                                ~~~~~~~~~~~~^~~~~~~~~~~~~~~~~
./src/sys/thread/EventLoop.cpp:154:36: note: remove extraneous parentheses around the comparison to silence this warning
  154 |                                         if (  (_hx_switch_0==( (Float)(-2) )) ){
      |                                               ~            ^                ~
./src/sys/thread/EventLoop.cpp:154:36: note: use '=' to turn this equality comparison into an assignment
  154 |                                         if (  (_hx_switch_0==( (Float)(-2) )) ){
      |                                                            ^~
      |                                                            =
./src/sys/thread/EventLoop.cpp:157:36: warning: equality comparison with extraneous parentheses [-Wparentheses-equality]
  157 |                                         if (  (_hx_switch_0==( (Float)(-1) )) ){
      |                                                ~~~~~~~~~~~~^~~~~~~~~~~~~~~~~
./src/sys/thread/EventLoop.cpp:157:36: note: remove extraneous parentheses around the comparison to silence this warning
  157 |                                         if (  (_hx_switch_0==( (Float)(-1) )) ){
      |                                               ~            ^                ~
./src/sys/thread/EventLoop.cpp:157:36: note: use '=' to turn this equality comparison into an assignment
  157 |                                         if (  (_hx_switch_0==( (Float)(-1) )) ){
      |                                                            ^~
      |                                                            =
2 warnings generated.
Link: T04_array_sum.exe
ld.lld: error: undefined symbol: pthread_mutex_lock
>>> referenced by obj/mingw64/9f615149_RecursiveMutex.o:(hx::thread::RecursiveMutex_obj::acquire())
>>> referenced by obj/mingw64/9f615149_ConditionVariable.o:(hx::thread::ConditionVariable_obj::acquire())
>>> referenced by obj/mingw64/9f615149_ConditionVariable.o:(hx::thread::ConditionVariable_obj::signal())
>>> referenced 62 more times

ld.lld: error: undefined symbol: std::__throw_system_error(int)
>>> referenced by obj/mingw64/9f615149_RecursiveMutex.o:(.text.unlikely)
>>> referenced by obj/mingw64/9f615149_ConditionVariable.o:(hx::thread::ConditionVariable_obj::acquire() (.cold))
>>> referenced by obj/mingw64/9f615149_ConditionVariable.o:(hx::thread::ConditionVariable_obj::signal() (.cold))
>>> referenced 58 more times

ld.lld: error: undefined symbol: pthread_mutex_unlock
>>> referenced by obj/mingw64/9f615149_RecursiveMutex.o:(hx::thread::RecursiveMutex_obj::release())
>>> referenced by obj/mingw64/9f615149_ConditionVariable.o:(hx::thread::ConditionVariable_obj::signal())
>>> referenced by obj/mingw64/9f615149_ConditionVariable.o:(hx::thread::ConditionVariable_obj::broadcast())
>>> referenced 90 more times

ld.lld: error: undefined symbol: pthread_mutex_trylock
>>> referenced by obj/mingw64/9f615149_RecursiveMutex.o:(hx::thread::RecursiveMutex_obj::tryAcquire())
>>> referenced by obj/mingw64/9f615149_ConditionVariable.o:(hx::thread::ConditionVariable_obj::tryAcquire())

ld.lld: error: undefined symbol: std::type_info::operator==(std::type_info const&) const
>>> referenced by obj/mingw64/9f615149_ConditionVariable.o:(std::_Sp_counted_ptr_inplace<std::mutex, std::allocator<void>, (__gnu_cxx::_Lock_policy)2>::_M_get_deleter(std::type_info const&))
>>> referenced by obj/mingw64/c243e734_Immix.o

ld.lld: error: undefined symbol: pthread_mutex_destroy
>>> referenced by obj/mingw64/9f615149_ConditionVariable.o:(hx::thread::ConditionVariable_obj::ConditionVariable_obj()::'lambda'(hx::Object*)::_FUN(hx::Object*))
>>> referenced by obj/mingw64/9f615149_ConditionVariable.o:(hx::thread::ConditionVariable_obj::ConditionVariable_obj()::'lambda'(hx::Object*)::_FUN(hx::Object*))
>>> referenced by obj/mingw64/9f615149_ConditionVariable.o:(.text.unlikely)
>>> referenced 8 more times

ld.lld: error: undefined symbol: pthread_mutex_init
>>> referenced by obj/mingw64/9f615149_ConditionVariable.o:(.text)
>>> referenced by obj/mingw64/9f615149_ConditionVariable.o:(.text)
>>> referenced by obj/mingw64/9f615149_ThreadLocal.o:(.text.startup)
>>> referenced 9 more times

ld.lld: error: undefined symbol: std::condition_variable::condition_variable()
>>> referenced by obj/mingw64/9f615149_ConditionVariable.o:(.text)
>>> referenced by obj/mingw64/c243e734_Immix.o:(GlobalAllocator::StartThreadJobs(ThreadPoolJob, int, bool, int))
>>> referenced by obj/mingw64/c243e734_Immix.o:(GlobalAllocator::StartThreadJobs(ThreadPoolJob, int, bool, int))

ld.lld: error: undefined symbol: std::condition_variable::~condition_variable()
>>> referenced by obj/mingw64/9f615149_ConditionVariable.o:(hx::thread::ConditionVariable_obj::ConditionVariable_obj()::'lambda'(hx::Object*)::_FUN(hx::Object*))
>>> referenced by obj/mingw64/9f615149_ConditionVariable.o:(.text.unlikely)
>>> referenced by obj/mingw64/c243e734_Immix.o:(GlobalAllocator::StartThreadJobs(ThreadPoolJob, int, bool, int))

ld.lld: error: undefined symbol: std::condition_variable::notify_one()
>>> referenced by obj/mingw64/9f615149_ConditionVariable.o:(hx::thread::ConditionVariable_obj::signal())
>>> referenced by obj/mingw64/c243e734_Immix.o:(wakeThreadLocked(int))
>>> referenced by obj/mingw64/c243e734_Immix.o:(hx::MarkContext::processMarkStack())
>>> referenced 3 more times

ld.lld: error: undefined symbol: std::condition_variable::notify_all()
>>> referenced by obj/mingw64/9f615149_ConditionVariable.o:(hx::thread::ConditionVariable_obj::broadcast())

ld.lld: error: undefined symbol: __gnu_cxx::__exchange_and_add(int volatile*, int)
>>> referenced by obj/mingw64/9f615149_ConditionVariable.o:(hx::thread::ConditionVariable_obj::ConditionVariable_obj()::'lambda'(hx::Object*)::_FUN(hx::Object*))
>>> referenced by obj/mingw64/9f615149_ConditionVariable.o:(std::_Sp_counted_base<(__gnu_cxx::_Lock_policy)2>::_M_release_last_use_cold())
>>> referenced by obj/mingw64/9f615149_ConditionVariable.o:(std::_Sp_counted_base<(__gnu_cxx::_Lock_policy)2>::_M_release())
>>> referenced 2 more times

ld.lld: error: undefined symbol: std::condition_variable::wait(std::unique_lock<std::mutex>&)
>>> referenced by obj/mingw64/9f615149_ConditionVariable.o:(void std::_V2::condition_variable_any::wait<std::mutex>(std::mutex&))
>>> referenced by obj/mingw64/c243e734_Immix.o

ld.lld: error: undefined symbol: std::__detail::_List_node_base::_M_hook(std::__detail::_List_node_base*)
>>> referenced by obj/mingw64/9f615149_ThreadLocal.o:(hx::thread::ThreadLocal_obj::Impl::finalise(hx::Object*))

ld.lld: error: undefined symbol: std::__detail::_List_node_base::_M_unhook()
>>> referenced by obj/mingw64/9f615149_ThreadLocal.o:(hx::thread::ThreadLocal_obj::ThreadLocal_obj())

ld.lld: error: undefined symbol: std::_Rb_tree_decrement(std::_Rb_tree_node_base*)
>>> referenced by obj/mingw64/6603a54e_CFFI.o:(std::_Rb_tree<int, std::pair<int const, std::__cxx11::basic_string<char, std::char_traits<char>, std::allocator<char>>>, std::_Select1st<std::pair<int const, std::__cxx11::basic_string<char, std::char_traits<char>, std::allocator<char>>>>, std::less<int>, std::allocator<std::pair<int const, std::__cxx11::basic_string<char, std::char_traits<char>, std::allocator<char>>>>>::_M_get_insert_unique_pos(int const&) (.isra.0))
>>> referenced by obj/mingw64/6603a54e_CFFI.o:(std::_Rb_tree<std::__cxx11::basic_string<char, std::char_traits<char>, std::allocator<char>>, std::pair<std::__cxx11::basic_string<char, std::char_traits<char>, std::allocator<char>> const, int>, std::_Select1st<std::pair<std::__cxx11::basic_string<char, std::char_traits<char>, std::allocator<char>> const, int>>, std::less<std::__cxx11::basic_string<char, std::char_traits<char>, std::allocator<char>>>, std::allocator<std::pair<std::__cxx11::basic_string<char, std::char_traits<char>, std::allocator<char>> const, int>>>::_M_get_insert_unique_pos(std::__cxx11::basic_string<char, std::char_traits<char>, std::allocator<char>> const&) (.isra.0))
>>> referenced by obj/mingw64/6603a54e_CFFI.o:(hxcpp_kind_share(int&, char const*))
>>> referenced 11 more times

ld.lld: error: undefined symbol: std::_Rb_tree_insert_and_rebalance(bool, std::_Rb_tree_node_base*, std::_Rb_tree_node_base*, std::_Rb_tree_node_base&)
>>> referenced by obj/mingw64/6603a54e_CFFI.o:(hxcpp_kind_share(int&, char const*))
>>> referenced by obj/mingw64/6603a54e_CFFI.o:(hxcpp_kind_share(int&, char const*))
>>> referenced by obj/mingw64/6603a54e_Class.o:(std::_Rb_tree_iterator<std::pair<String const, hx::ObjectPtr<hx::Class_obj>>> std::_Rb_tree<String, std::pair<String const, hx::ObjectPtr<hx::Class_obj>>, std::_Select1st<std::pair<String const, hx::ObjectPtr<hx::Class_obj>>>, std::less<String>, std::allocator<std::pair<String const, hx::ObjectPtr<hx::Class_obj>>>>::_M_emplace_hint_unique<std::piecewise_construct_t const&, std::tuple<String const&>, std::tuple<>>(std::_Rb_tree_const_iterator<std::pair<String const, hx::ObjectPtr<hx::Class_obj>>>, std::piecewise_construct_t const&, std::tuple<String const&>&&, std::tuple<>&&) (.isra.0))
>>> referenced 4 more times

ld.lld: error: undefined symbol: std::__cxx11::basic_string<char, std::char_traits<char>, std::allocator<char>>::_M_replace(unsigned long long, unsigned long long, char const*, unsigned long long)
>>> referenced by obj/mingw64/6603a54e_CFFI.o:(hxcpp_kind_share(int&, char const*))
>>> referenced by obj/mingw64/6603a54e_StdLibs.o:(hx::Init(bool) (.cold))

ld.lld: error: undefined symbol: std::__cxx11::basic_string<char, std::char_traits<char>, std::allocator<char>>::_M_create(unsigned long long&, unsigned long long)
>>> referenced by obj/mingw64/6603a54e_CFFI.o:(hxcpp_kind_share(int&, char const*))
>>> referenced by obj/mingw64/6603a54e_Lib.o:(__hxcpp_register_prim(char const*, void*))
>>> referenced by obj/mingw64/6603a54e_Lib.o:(__hxcpp_get_proc_address(String, String, bool, bool))
>>> referenced 6 more times

ld.lld: error: undefined symbol: std::_Rb_tree_increment(std::_Rb_tree_node_base*)
>>> referenced by obj/mingw64/6603a54e_CFFI.o:(hxcpp_kind_share(int&, char const*))
>>> referenced by obj/mingw64/6603a54e_CFFI.o:(hxcpp_kind_share(int&, char const*))
>>> referenced by obj/mingw64/6603a54e_Class.o:(hx::MarkClassStatics(hx::MarkContext*))
>>> referenced 7 more times

ld.lld: error: too many errors emitted, stopping now (use --error-limit=0 to see all errors)
clang-23: error: linker command failed with exit code 1 (use -v to see invocation)
Error: Build failed
